2026-09-06 20:00:58 [START] monitoring https://b4p-external-view-w26-backend.onrender.com/api/supplies
2026-09-06 20:01:35 [OK] in sync: 1384 items / 20134 units / 10 shipments
2026-09-06 20:01:35 [WARN] expired stock not yet flagged or reserved: 98
2026-09-06 20:01:35 [WARN] supplies with duplicate names under different manufacturers: 20 cases
2026-09-06 20:01:35 [WARN] inventory items with zero quantity still in a box: 27
2026-09-06 20:01:35 [WARN] flagged items awaiting review: 255
2026-09-06 20:01:43 [START] monitoring https://b4p-external-view-w26-backend.onrender.com/api/supplies
2026-09-06 20:01:46 [OK] in sync: 1384 items / 20134 units / 10 shipments
2026-09-06 20:01:46 [WARN] expired stock not yet flagged or reserved: 98
2026-09-06 20:01:46 [WARN] supplies with duplicate names under different manufacturers: 20 cases
2026-09-06 20:01:46 [WARN] inventory items with zero quantity still in a box: 27
2026-09-06 20:01:46 [WARN] flagged items awaiting review: 255
2026-09-06 20:06:51 [OK] in sync: 1384 items / 20134 units / 10 shipments
2026-09-06 20:06:51 [WARN] expired stock not yet flagged or reserved: 98
2026-09-06 20:06:51 [WARN] supplies with duplicate names under different manufacturers: 20 cases
2026-09-06 20:06:51 [WARN] inventory items with zero quantity still in a box: 27
2026-09-06 20:06:51 [WARN] flagged items awaiting review: 255
2026-09-06 20:11:55 [OK] in sync: 1384 items / 20134 units / 10 shipments
2026-09-06 20:11:55 [WARN] expired stock not yet flagged or reserved: 98
2026-09-06 20:11:55 [WARN] supplies with duplicate names under different manufacturers: 20 cases
2026-09-06 20:11:55 [WARN] inventory items with zero quantity still in a box: 27
2026-09-06 20:11:55 [WARN] flagged items awaiting review: 255
2026-09-06 20:16:58 [OK] in sync: 1384 items / 20134 units / 10 shipments
2026-09-06 20:16:58 [WARN] expired stock not yet flagged or reserved: 98
2026-09-06 20:16:58 [WARN] supplies with duplicate names under different manufacturers: 20 cases
2026-09-06 20:16:58 [WARN] inventory items with zero quantity still in a box: 27
2026-09-06 20:16:58 [WARN] flagged items awaiting review: 255
2026-09-06 20:21:34 [START] monitoring https://b4p-external-view-w26-backend.onrender.com/api/supplies
2026-09-06 20:21:37 [OK] in sync: 1384 items / 20134 units / 10 shipments
2026-09-06 20:21:37 [WARN] expired stock not yet flagged or reserved: 98
2026-09-06 20:21:37 [WARN] supplies with duplicate names under different manufacturers: 20 cases
2026-09-06 20:21:37 [WARN] inventory items with zero quantity still in a box: 27
2026-09-06 20:21:37 [WARN] flagged items awaiting review: 255
2026-09-06 20:26:41 [OK] in sync: 1384 items / 20134 units / 10 shipments
2026-09-06 20:26:41 [WARN] expired stock not yet flagged or reserved: 98
2026-09-06 20:26:41 [WARN] supplies with duplicate names under different manufacturers: 20 cases
2026-09-06 20:26:41 [WARN] inventory items with zero quantity still in a box: 27
2026-09-06 20:26:41 [WARN] flagged items awaiting review: 255
2026-09-06 20:31:45 [OK] in sync: 1384 items / 20134 units / 10 shipments
2026-09-06 20:31:45 [WARN] expired stock not yet flagged or reserved: 98
2026-09-06 20:31:45 [WARN] supplies with duplicate names under different manufacturers: 20 cases
2026-09-06 20:31:45 [WARN] inventory items with zero quantity still in a box: 27
2026-09-06 20:31:45 [WARN] flagged items awaiting review: 255
2026-09-06 20:36:49 [OK] in sync: 1384 items / 20134 units / 10 shipments
2026-09-06 20:36:49 [WARN] expired stock not yet flagged or reserved: 98
2026-09-06 20:36:49 [WARN] supplies with duplicate names under different manufacturers: 20 cases
2026-09-06 20:36:49 [WARN] inventory items with zero quantity still in a box: 27
2026-09-06 20:36:49 [WARN] flagged items awaiting review: 255
2026-09-06 20:46:21 [OK] in sync: 1384 items / 20134 units / 10 shipments
2026-09-06 20:46:21 [WARN] expired stock not yet flagged or reserved: 98
2026-09-06 20:46:21 [WARN] supplies with duplicate names under different manufacturers: 20 cases
2026-09-06 20:46:21 [WARN] inventory items with zero quantity still in a box: 27
2026-09-06 20:46:21 [WARN] flagged items awaiting review: 255
2026-09-06 20:51:48 [OK] in sync: 1384 items / 20134 units / 10 shipments
2026-09-06 20:51:48 [WARN] expired stock not yet flagged or reserved: 98
2026-09-06 20:51:48 [WARN] supplies with duplicate names under different manufacturers: 20 cases
2026-09-06 20:51:48 [WARN] inventory items with zero quantity still in a box: 27
2026-09-06 20:51:48 [WARN] flagged items awaiting review: 255
